../Core/Src/application.c:29:6:LCDInit	16	static
../Core/Src/application.c:48:6:TSInit	24	static
../Core/Src/application.c:71:6:TheApp	24	static
../Core/Src/application.c:126:6:audioTest	24	static
../Core/Src/application.c:158:6:record	32	static
../Core/Src/application.c:191:6:playback	32	static
../Core/Src/application.c:282:6:testModDeMod	54344	static
../Core/Src/application.c:384:6:ModDemodInit	32	static
../Core/Src/application.c:427:6:modulate	33328	static
../Core/Src/application.c:468:6:demodulate	33328	static
../Core/Src/application.c:504:9:isTouched	8	static
../Core/Src/application.c:515:6:drawOK	8	static
../Core/Src/application.c:522:9:isOKTouched	8	static
../Core/Src/application.c:540:6:UART1_Init	8	static
../Core/Src/application.c:573:6:BSP_AUDIO_IN_TransferComplete_CallBack	4	static
../Core/Src/application.c:579:6:BSP_AUDIO_IN_HalfTransfer_CallBack	4	static
../Core/Src/application.c:584:6:BSP_AUDIO_IN_Error_CallBack	8	static
../Core/Src/application.c:590:6:BSP_AUDIO_OUT_TransferComplete_CallBack	4	static
../Core/Src/application.c:597:6:BSP_AUDIO_OUT_HalfTransfer_CallBack	4	static
../Core/Src/application.c:604:6:BSP_AUDIO_OUT_Error_CallBack	8	static
../Core/Src/application.c:614:6:HAL_UART_TxCpltCallback	16	static
../Core/Src/application.c:620:6:HAL_UART_RxCpltCallback	16	static
