../Core/Src/stm32f7xx_it.c:59:6:NMI_Handler	4	static
../Core/Src/stm32f7xx_it.c:68:6:HardFault_Handler	4	static
../Core/Src/stm32f7xx_it.c:81:6:MemManage_Handler	4	static
../Core/Src/stm32f7xx_it.c:94:6:BusFault_Handler	4	static
../Core/Src/stm32f7xx_it.c:107:6:UsageFault_Handler	4	static
../Core/Src/stm32f7xx_it.c:120:6:SVC_Handler	4	static
../Core/Src/stm32f7xx_it.c:129:6:DebugMon_Handler	4	static
../Core/Src/stm32f7xx_it.c:138:6:PendSV_Handler	4	static
../Core/Src/stm32f7xx_it.c:147:6:SysTick_Handler	8	static
../Core/Src/stm32f7xx_it.c:167:6:USART1_IRQHandler	8	static
../Core/Src/stm32f7xx_it.c:177:6:EXTI0_IRQHandler	8	static
../Core/Src/stm32f7xx_it.c:187:6:EXTI2_IRQHandler	8	static
../Core/Src/stm32f7xx_it.c:197:6:EXTI15_10_IRQHandler	8	static
../Core/Src/stm32f7xx_it.c:215:6:DMA2_Stream7_IRQHandler	8	static
../Core/Src/stm32f7xx_it.c:224:6:DMA2_Stream0_IRQHandler	8	static
../Core/Src/stm32f7xx_it.c:234:6:DMA2_Stream1_IRQHandler	8	static
../Core/Src/stm32f7xx_it.c:244:6:DMA2_Stream4_IRQHandler	8	static
../Core/Src/stm32f7xx_it.c:254:6:DCMI_IRQHandler	8	static
