../Drivers/STM32F7xx_HAL_Driver/Src/stm32f7xx_hal_smartcard.c:311:19:HAL_SMARTCARD_Init	16	static
../Drivers/STM32F7xx_HAL_Driver/Src/stm32f7xx_hal_smartcard.c:384:19:HAL_SMARTCARD_DeInit	16	static
../Drivers/STM32F7xx_HAL_Driver/Src/stm32f7xx_hal_smartcard.c:434:13:HAL_SMARTCARD_MspInit	16	static
../Drivers/STM32F7xx_HAL_Driver/Src/stm32f7xx_hal_smartcard.c:450:13:HAL_SMARTCARD_MspDeInit	16	static
../Drivers/STM32F7xx_HAL_Driver/Src/stm32f7xx_hal_smartcard.c:783:19:HAL_SMARTCARD_Transmit	40	static
../Drivers/STM32F7xx_HAL_Driver/Src/stm32f7xx_hal_smartcard.c:885:19:HAL_SMARTCARD_Receive	40	static
../Drivers/STM32F7xx_HAL_Driver/Src/stm32f7xx_hal_smartcard.c:946:19:HAL_SMARTCARD_Transmit_IT	24	static
../Drivers/STM32F7xx_HAL_Driver/Src/stm32f7xx_hal_smartcard.c:1016:19:HAL_SMARTCARD_Receive_IT	24	static
../Drivers/STM32F7xx_HAL_Driver/Src/stm32f7xx_hal_smartcard.c:1065:19:HAL_SMARTCARD_Transmit_DMA	24	static
../Drivers/STM32F7xx_HAL_Driver/Src/stm32f7xx_hal_smartcard.c:1163:19:HAL_SMARTCARD_Receive_DMA	24	static
../Drivers/STM32F7xx_HAL_Driver/Src/stm32f7xx_hal_smartcard.c:1243:19:HAL_SMARTCARD_Abort	16	static
../Drivers/STM32F7xx_HAL_Driver/Src/stm32f7xx_hal_smartcard.c:1333:19:HAL_SMARTCARD_AbortTransmit	16	static
../Drivers/STM32F7xx_HAL_Driver/Src/stm32f7xx_hal_smartcard.c:1395:19:HAL_SMARTCARD_AbortReceive	16	static
../Drivers/STM32F7xx_HAL_Driver/Src/stm32f7xx_hal_smartcard.c:1462:19:HAL_SMARTCARD_Abort_IT	24	static
../Drivers/STM32F7xx_HAL_Driver/Src/stm32f7xx_hal_smartcard.c:1603:19:HAL_SMARTCARD_AbortTransmit_IT	16	static
../Drivers/STM32F7xx_HAL_Driver/Src/stm32f7xx_hal_smartcard.c:1697:19:HAL_SMARTCARD_AbortReceive_IT	16	static
../Drivers/STM32F7xx_HAL_Driver/Src/stm32f7xx_hal_smartcard.c:1790:6:HAL_SMARTCARD_IRQHandler	40	static
../Drivers/STM32F7xx_HAL_Driver/Src/stm32f7xx_hal_smartcard.c:2046:13:HAL_SMARTCARD_TxCpltCallback	16	static
../Drivers/STM32F7xx_HAL_Driver/Src/stm32f7xx_hal_smartcard.c:2062:13:HAL_SMARTCARD_RxCpltCallback	16	static
../Drivers/STM32F7xx_HAL_Driver/Src/stm32f7xx_hal_smartcard.c:2078:13:HAL_SMARTCARD_ErrorCallback	16	static
../Drivers/STM32F7xx_HAL_Driver/Src/stm32f7xx_hal_smartcard.c:2094:13:HAL_SMARTCARD_AbortCpltCallback	16	static
../Drivers/STM32F7xx_HAL_Driver/Src/stm32f7xx_hal_smartcard.c:2110:13:HAL_SMARTCARD_AbortTransmitCpltCallback	16	static
../Drivers/STM32F7xx_HAL_Driver/Src/stm32f7xx_hal_smartcard.c:2126:13:HAL_SMARTCARD_AbortReceiveCpltCallback	16	static
../Drivers/STM32F7xx_HAL_Driver/Src/stm32f7xx_hal_smartcard.c:2165:28:HAL_SMARTCARD_GetState	24	static
../Drivers/STM32F7xx_HAL_Driver/Src/stm32f7xx_hal_smartcard.c:2182:10:HAL_SMARTCARD_GetError	16	static
../Drivers/STM32F7xx_HAL_Driver/Src/stm32f7xx_hal_smartcard.c:2226:26:SMARTCARD_SetConfig	32	static
../Drivers/STM32F7xx_HAL_Driver/Src/stm32f7xx_hal_smartcard.c:2345:13:SMARTCARD_AdvFeatureConfig	16	static
../Drivers/STM32F7xx_HAL_Driver/Src/stm32f7xx_hal_smartcard.c:2407:26:SMARTCARD_CheckIdleState	32	static
../Drivers/STM32F7xx_HAL_Driver/Src/stm32f7xx_hal_smartcard.c:2450:26:SMARTCARD_WaitOnFlagUntilTimeout	24	static
../Drivers/STM32F7xx_HAL_Driver/Src/stm32f7xx_hal_smartcard.c:2485:13:SMARTCARD_EndTxTransfer	16	static
../Drivers/STM32F7xx_HAL_Driver/Src/stm32f7xx_hal_smartcard.c:2502:13:SMARTCARD_EndRxTransfer	16	static
../Drivers/STM32F7xx_HAL_Driver/Src/stm32f7xx_hal_smartcard.c:2519:13:SMARTCARD_DMATransmitCplt	24	static
../Drivers/STM32F7xx_HAL_Driver/Src/stm32f7xx_hal_smartcard.c:2538:13:SMARTCARD_DMAReceiveCplt	24	static
../Drivers/STM32F7xx_HAL_Driver/Src/stm32f7xx_hal_smartcard.c:2569:13:SMARTCARD_DMAError	24	static
../Drivers/STM32F7xx_HAL_Driver/Src/stm32f7xx_hal_smartcard.c:2609:13:SMARTCARD_DMAAbortOnError	24	static
../Drivers/STM32F7xx_HAL_Driver/Src/stm32f7xx_hal_smartcard.c:2632:13:SMARTCARD_DMATxAbortCallback	24	static
../Drivers/STM32F7xx_HAL_Driver/Src/stm32f7xx_hal_smartcard.c:2681:13:SMARTCARD_DMARxAbortCallback	24	static
../Drivers/STM32F7xx_HAL_Driver/Src/stm32f7xx_hal_smartcard.c:2730:13:SMARTCARD_DMATxOnlyAbortCallback	24	static
../Drivers/STM32F7xx_HAL_Driver/Src/stm32f7xx_hal_smartcard.c:2759:13:SMARTCARD_DMARxOnlyAbortCallback	24	static
../Drivers/STM32F7xx_HAL_Driver/Src/stm32f7xx_hal_smartcard.c:2790:13:SMARTCARD_TxISR	16	static
../Drivers/STM32F7xx_HAL_Driver/Src/stm32f7xx_hal_smartcard.c:2818:13:SMARTCARD_EndTransmit_IT	16	static
../Drivers/STM32F7xx_HAL_Driver/Src/stm32f7xx_hal_smartcard.c:2870:13:SMARTCARD_RxISR	16	static
