../Drivers/STM32F7xx_HAL_Driver/Src/stm32f7xx_hal_nand.c:158:20:HAL_NAND_Init	24	static
../Drivers/STM32F7xx_HAL_Driver/Src/stm32f7xx_hal_nand.c:211:19:HAL_NAND_DeInit	16	static
../Drivers/STM32F7xx_HAL_Driver/Src/stm32f7xx_hal_nand.c:244:13:HAL_NAND_MspInit	16	static
../Drivers/STM32F7xx_HAL_Driver/Src/stm32f7xx_hal_nand.c:260:13:HAL_NAND_MspDeInit	16	static
../Drivers/STM32F7xx_HAL_Driver/Src/stm32f7xx_hal_nand.c:277:6:HAL_NAND_IRQHandler	16	static
../Drivers/STM32F7xx_HAL_Driver/Src/stm32f7xx_hal_nand.c:343:13:HAL_NAND_ITCallback	16	static
../Drivers/STM32F7xx_HAL_Driver/Src/stm32f7xx_hal_nand.c:379:19:HAL_NAND_Read_ID	32	static,ignoring_inline_asm
../Drivers/STM32F7xx_HAL_Driver/Src/stm32f7xx_hal_nand.c:450:19:HAL_NAND_Reset	24	static
../Drivers/STM32F7xx_HAL_Driver/Src/stm32f7xx_hal_nand.c:495:20:HAL_NAND_ConfigDevice	16	static
../Drivers/STM32F7xx_HAL_Driver/Src/stm32f7xx_hal_nand.c:517:19:HAL_NAND_Read_Page_8b	56	static,ignoring_inline_asm
../Drivers/STM32F7xx_HAL_Driver/Src/stm32f7xx_hal_nand.c:675:19:HAL_NAND_Read_Page_16b	56	static,ignoring_inline_asm
../Drivers/STM32F7xx_HAL_Driver/Src/stm32f7xx_hal_nand.c:843:19:HAL_NAND_Write_Page_8b	56	static,ignoring_inline_asm
../Drivers/STM32F7xx_HAL_Driver/Src/stm32f7xx_hal_nand.c:996:19:HAL_NAND_Write_Page_16b	56	static,ignoring_inline_asm
../Drivers/STM32F7xx_HAL_Driver/Src/stm32f7xx_hal_nand.c:1160:19:HAL_NAND_Read_SpareArea_8b	56	static,ignoring_inline_asm
../Drivers/STM32F7xx_HAL_Driver/Src/stm32f7xx_hal_nand.c:1325:19:HAL_NAND_Read_SpareArea_16b	56	static,ignoring_inline_asm
../Drivers/STM32F7xx_HAL_Driver/Src/stm32f7xx_hal_nand.c:1490:19:HAL_NAND_Write_SpareArea_8b	56	static,ignoring_inline_asm
../Drivers/STM32F7xx_HAL_Driver/Src/stm32f7xx_hal_nand.c:1653:19:HAL_NAND_Write_SpareArea_16b	56	static,ignoring_inline_asm
../Drivers/STM32F7xx_HAL_Driver/Src/stm32f7xx_hal_nand.c:1814:19:HAL_NAND_Erase_Block	24	static,ignoring_inline_asm
../Drivers/STM32F7xx_HAL_Driver/Src/stm32f7xx_hal_nand.c:1870:10:HAL_NAND_Address_Inc	24	static
../Drivers/STM32F7xx_HAL_Driver/Src/stm32f7xx_hal_nand.c:2061:20:HAL_NAND_ECC_Enable	16	static
../Drivers/STM32F7xx_HAL_Driver/Src/stm32f7xx_hal_nand.c:2093:20:HAL_NAND_ECC_Disable	16	static
../Drivers/STM32F7xx_HAL_Driver/Src/stm32f7xx_hal_nand.c:2127:20:HAL_NAND_GetECC	32	static
../Drivers/STM32F7xx_HAL_Driver/Src/stm32f7xx_hal_nand.c:2181:23:HAL_NAND_GetState	16	static
../Drivers/STM32F7xx_HAL_Driver/Src/stm32f7xx_hal_nand.c:2192:10:HAL_NAND_Read_Status	24	static
